
Running test: grp_design

Running test: grp_design_no_ext_text
/home/adebayo/anaconda3/lib/python3.7/site-packages/pandas/core/ops.py:1649: FutureWarning: elementwise comparison failed; returning scalar instead, but in the future will perform elementwise comparison
  result = method(y)

Running test: grp_design_no_covs

Running test: grp_design_no_ext_text_no_covs
/home/adebayo/anaconda3/lib/python3.7/site-packages/pandas/core/ops.py:1649: FutureWarning: elementwise comparison failed; returning scalar instead, but in the future will perform elementwise comparison
  result = method(y)

Running test: grp_design_demean_age

Running test: grp_design_no_ext_text_demean_age
/home/adebayo/anaconda3/lib/python3.7/site-packages/pandas/core/ops.py:1649: FutureWarning: elementwise comparison failed; returning scalar instead, but in the future will perform elementwise comparison
  result = method(y)

Running test: grp_design_demean_multi-col

Running test: grp_design_no_ext_text_demean_multi-col
/home/adebayo/anaconda3/lib/python3.7/site-packages/pandas/core/ops.py:1649: FutureWarning: elementwise comparison failed; returning scalar instead, but in the future will perform elementwise comparison
  result = method(y)

Running test: design_sct_no_covs

Running test: sct_adhd_parent_no_covs

Running test: sct_adhd_teacher_no_covs

Running test: sct_child_no_covs

Running test: sct_parent_no_covs

Running test: sct_teacher_no_covs

Running test: design_sct_covs

Running test: sct_adhd_parent_covs

Running test: sct_adhd_teacher_covs

Running test: sct_child_covs

Running test: sct_parent_covs

Running test: sct_teacher_covs

Running test: sct_child_parent_adhd_covs

Running test: sct_cci-2_parent_adhd_covs

Running test: sct_cci-2_covs
